<!DOCTYPE html>
<html>
<head lang="en">
    <meta charset="UTF-8">
    <title></title>

    <script src="some_file.js"></script>
    <script src="another_file.js"></script>

</head>
<body>

    Debug

</body>
</html>