<!DOCTYPE html>
<html>
<head lang="en">
    <meta charset="UTF-8">
    <title></title>

    <script src="test/scripts/script1.js"></script>
    <script src="test/scripts/script2.js"></script>

</head>
<body>

</body>
</html>